CRITICAL - 2024-03-13 13:53:59 --> ParseError: syntax error, unexpected token "}", expecting ";"
in APPPATH\Controllers\Home.php on line 10.
 1 SYSTEMPATH\Autoloader\Autoloader.php(290): CodeIgniter\Autoloader\Autoloader->includeFile('E:\\laragon\\www\\ci4-starter\\app\\Controllers\\Home.php')
 2 SYSTEMPATH\Autoloader\Autoloader.php(266): CodeIgniter\Autoloader\Autoloader->loadInNamespace('App\\Controllers\\Home')
 3 [internal function]: CodeIgniter\Autoloader\Autoloader->loadClass('App\\Controllers\\Home')
 4 SYSTEMPATH\CodeIgniter.php(899): class_exists('\\App\\Controllers\\Home', true)
 5 SYSTEMPATH\CodeIgniter.php(489): CodeIgniter\CodeIgniter->startController()
 6 SYSTEMPATH\CodeIgniter.php(361): CodeIgniter\CodeIgniter->handleRequest(null, Object(Config\Cache), false)
 7 FCPATH\index.php(79): CodeIgniter\CodeIgniter->run()
ERROR - 2024-03-13 14:49:27 --> Error connecting to the database: mysqli_sql_exception: Access denied for user ''@'localhost' (using password: NO) in E:\laragon\www\ci4-starter\vendor\codeigniter4\framework\system\Database\MySQLi\Connection.php:185
Stack trace:
#0 E:\laragon\www\ci4-starter\vendor\codeigniter4\framework\system\Database\MySQLi\Connection.php(185): mysqli->real_connect('localhost', '', '', '', 3306, '', 0)
#1 E:\laragon\www\ci4-starter\vendor\codeigniter4\framework\system\Database\BaseConnection.php(392): CodeIgniter\Database\MySQLi\Connection->connect(false)
#2 E:\laragon\www\ci4-starter\vendor\codeigniter4\framework\system\Database\Database.php(66): CodeIgniter\Database\BaseConnection->initialize()
#3 E:\laragon\www\ci4-starter\vendor\codeigniter4\framework\system\Database\Config.php(109): CodeIgniter\Database\Database->loadForge(Object(CodeIgniter\Database\MySQLi\Connection))
#4 E:\laragon\www\ci4-starter\vendor\codeigniter4\framework\system\Commands\Database\CreateDatabase.php(134): CodeIgniter\Database\Config::forge()
#5 E:\laragon\www\ci4-starter\vendor\codeigniter4\framework\system\CLI\Commands.php(65): CodeIgniter\Commands\Database\CreateDatabase->run(Array)
#6 E:\laragon\www\ci4-starter\vendor\codeigniter4\framework\system\CLI\Console.php(46): CodeIgniter\CLI\Commands->run('db:create', Array)
#7 E:\laragon\www\ci4-starter\spark(102): CodeIgniter\CLI\Console->run()
#8 {main}

Next CodeIgniter\Database\Exceptions\DatabaseException: Access denied for user ''@'localhost' (using password: NO) in E:\laragon\www\ci4-starter\vendor\codeigniter4\framework\system\Database\MySQLi\Connection.php:229
Stack trace:
#0 E:\laragon\www\ci4-starter\vendor\codeigniter4\framework\system\Database\BaseConnection.php(392): CodeIgniter\Database\MySQLi\Connection->connect(false)
#1 E:\laragon\www\ci4-starter\vendor\codeigniter4\framework\system\Database\Database.php(66): CodeIgniter\Database\BaseConnection->initialize()
#2 E:\laragon\www\ci4-starter\vendor\codeigniter4\framework\system\Database\Config.php(109): CodeIgniter\Database\Database->loadForge(Object(CodeIgniter\Database\MySQLi\Connection))
#3 E:\laragon\www\ci4-starter\vendor\codeigniter4\framework\system\Commands\Database\CreateDatabase.php(134): CodeIgniter\Database\Config::forge()
#4 E:\laragon\www\ci4-starter\vendor\codeigniter4\framework\system\CLI\Commands.php(65): CodeIgniter\Commands\Database\CreateDatabase->run(Array)
#5 E:\laragon\www\ci4-starter\vendor\codeigniter4\framework\system\CLI\Console.php(46): CodeIgniter\CLI\Commands->run('db:create', Array)
#6 E:\laragon\www\ci4-starter\spark(102): CodeIgniter\CLI\Console->run()
#7 {main}
